#
# There is insufficient memory for the Java Runtime Environment to continue.
# Native memory allocation (malloc) failed to allocate 68016 bytes. Error detail: Chunk::new
# Possible reasons:
#   The system is out of physical RAM or swap space
#   This process is running with CompressedOops enabled, and the Java Heap may be blocking the growth of the native heap
# Possible solutions:
#   Reduce memory load on the system
#   Increase physical memory or swap space
#   Check if swap backing store is full
#   Decrease Java heap size (-Xmx/-Xms)
#   Decrease number of Java threads
#   Decrease Java thread stack sizes (-Xss)
#   Set larger code cache with -XX:ReservedCodeCacheSize=
#   JVM is running with Unscaled Compressed Oops mode in which the Java heap is
#     placed in the first 4GB address space. The Java Heap base address is the
#     maximum limit for the native heap growth. Please use -XX:HeapBaseMinAddress
#     to set the Java Heap base and to place the Java Heap above 4GB virtual address.
# This output file may be truncated or incomplete.
#
#  Out of Memory Error (arena.cpp:168), pid=32460, tid=32612
#
# JRE version: OpenJDK Runtime Environment Temurin-21.0.12.1+1 (21.0.12.1+1) (build 21.0.12.1+1-LTS)
# Java VM: OpenJDK 64-Bit Server VM Temurin-21.0.12.1+1 (21.0.12.1+1-LTS, mixed mode, sharing, tiered, compressed oops, compressed class ptrs, parallel gc, windows-amd64)
# No core dump will be written. Minidumps are not enabled by default on client versions of Windows
#

---------------  S U M M A R Y ------------

Command Line: --add-modules=ALL-SYSTEM --add-opens=java.base/java.util=ALL-UNNAMED --add-opens=java.base/java.lang=ALL-UNNAMED --add-opens=java.base/sun.nio.fs=ALL-UNNAMED -Declipse.application=org.eclipse.jdt.ls.core.id1 -Dosgi.bundles.defaultStartLevel=4 -Declipse.product=org.eclipse.jdt.ls.core.product -Djava.import.generatesMetadataFilesAtProjectRoot=false -Dm2e.project.cache.size=50 -DDetectVMInstallationsJob.disabled=true -Dfile.encoding=utf8 -XX:+UseParallelGC -XX:GCTimeRatio=4 -XX:AdaptiveSizePolicyWeight=90 -Dsun.zip.disableMemoryMapping=true -Xmx2G -Xms100m -Xlog:disable -javaagent:c:\Users\omkar pati\.antigravity-ide\extensions\redhat.java-1.56.0-win32-x64\lombok\lombok-1.18.39-4050.jar -XX:+HeapDumpOnOutOfMemoryError -XX:HeapDumpPath=c:\Users\omkar pati\AppData\Roaming\Antigravity IDE\User\workspaceStorage\8d7e59ce070dae60162b3dc1c307cd69\redhat.java -Daether.dependencyCollector.impl=bf c:\Users\omkar pati\.antigravity-ide\extensions\redhat.java-1.56.0-win32-x64\server\plugins\org.eclipse.equinox.launcher_1.8.0.v20260804-1928.jar -configuration c:\Users\omkar pati\AppData\Roaming\Antigravity IDE\User\globalStorage\redhat.java\1.56.0\config_win -data c:\Users\omkar pati\AppData\Roaming\Antigravity IDE\User\workspaceStorage\8d7e59ce070dae60162b3dc1c307cd69\redhat.java\jdt_ws --pipe=\\.\pipe\lsp-cfcb44dccd4b8cc85e4ff2b9c6107f3e-sock

Host: AMD Ryzen 5 3550H with Radeon Vega Mobile Gfx  , 8 cores, 5G,  Windows 11 , 64 bit Build 26100 (10.0.26100.9444)
Time: Tue Sep 22 19:42:42 2026 India Standard Time elapsed time: 3.899660 seconds (0d 0h 0m 3s)

---------------  T H R E A D  ---------------

Current thread (0x000002657fcd7250):  JavaThread "C2 CompilerThread0" daemon [_thread_in_native, id=32612, stack(0x00000095fbb00000,0x00000095fbc00000) (1024K)]


Current CompileTask:
C2:3899 1916  s    4       java.io.ByteArrayOutputStream::write (32 bytes)

Stack: [0x00000095fbb00000,0x00000095fbc00000]
Native frames: (J=compiled Java code, j=interpreted, Vv=VM code, C=native code)
V  [jvm.dll+0x6d83e9]
V  [jvm.dll+0x8b5736]
V  [jvm.dll+0x8b7cee]
V  [jvm.dll+0x8b83d3]
V  [jvm.dll+0x284596]
V  [jvm.dll+0xc685d]
V  [jvm.dll+0xc6da1]
V  [jvm.dll+0x3bf151]
V  [jvm.dll+0x38b6d2]
V  [jvm.dll+0x38ab1a]
V  [jvm.dll+0x24c700]
V  [jvm.dll+0x24bce0]
V  [jvm.dll+0x1cb4ae]
V  [jvm.dll+0x25baad]
V  [jvm.dll+0x25a03a]
V  [jvm.dll+0x3f8aae]
V  [jvm.dll+0x8600cd]
V  [jvm.dll+0x6d6c1d]
C  [ucrtbase.dll+0x2cd30]
C  [KERNEL32.DLL+0x2cd87]
C  [ntdll.dll+0xacaec]


---------------  P R O C E S S  ---------------

Threads class SMR info:
_java_thread_list=0x000002654758ca70, length=15, elements={
0x0000026569251310, 0x000002657fcc50f0, 0x000002657fcc7be0, 0x000002657fcc9e80,
0x000002657fcca8e0, 0x000002657fcd39a0, 0x000002657fcd6410, 0x000002657fcd7250,
0x000002657fcfe440, 0x0000026542863e50, 0x0000026542a7e640, 0x00000265475be0d0,
0x000002654706d830, 0x00000265473fb3b0, 0x000002654767a130
}

Java Threads: ( => current thread )
  0x0000026569251310 JavaThread "main"                              [_thread_blocked, id=32512, stack(0x00000095fb100000,0x00000095fb200000) (1024K)]
  0x000002657fcc50f0 JavaThread "Reference Handler"          daemon [_thread_blocked, id=32588, stack(0x00000095fb500000,0x00000095fb600000) (1024K)]
  0x000002657fcc7be0 JavaThread "Finalizer"                  daemon [_thread_blocked, id=32592, stack(0x00000095fb600000,0x00000095fb700000) (1024K)]
  0x000002657fcc9e80 JavaThread "Signal Dispatcher"          daemon [_thread_blocked, id=32596, stack(0x00000095fb700000,0x00000095fb800000) (1024K)]
  0x000002657fcca8e0 JavaThread "Attach Listener"            daemon [_thread_blocked, id=32600, stack(0x00000095fb800000,0x00000095fb900000) (1024K)]
  0x000002657fcd39a0 JavaThread "Service Thread"             daemon [_thread_blocked, id=32604, stack(0x00000095fb900000,0x00000095fba00000) (1024K)]
  0x000002657fcd6410 JavaThread "Monitor Deflation Thread"   daemon [_thread_blocked, id=32608, stack(0x00000095fba00000,0x00000095fbb00000) (1024K)]
=>0x000002657fcd7250 JavaThread "C2 CompilerThread0"         daemon [_thread_in_native, id=32612, stack(0x00000095fbb00000,0x00000095fbc00000) (1024K)]
  0x000002657fcfe440 JavaThread "C1 CompilerThread0"         daemon [_thread_in_vm, id=32616, stack(0x00000095fbc00000,0x00000095fbd00000) (1024K)]
  0x0000026542863e50 JavaThread "Common-Cleaner"             daemon [_thread_blocked, id=32676, stack(0x00000095fbd00000,0x00000095fbe00000) (1024K)]
  0x0000026542a7e640 JavaThread "Notification Thread"        daemon [_thread_blocked, id=32288, stack(0x00000095fbe00000,0x00000095fbf00000) (1024K)]
  0x00000265475be0d0 JavaThread "Active Thread: Equinox Container: 9ab748a7-cab8-4d10-aea0-f3b2e09f6c7d"        [_thread_blocked, id=12928, stack(0x00000095fc500000,0x00000095fc600000) (1024K)]
  0x000002654706d830 JavaThread "Refresh Thread: Equinox Container: 9ab748a7-cab8-4d10-aea0-f3b2e09f6c7d" daemon [_thread_blocked, id=11308, stack(0x00000095fc700000,0x00000095fc800000) (1024K)]
  0x00000265473fb3b0 JavaThread "Framework Event Dispatcher: Equinox Container: 9ab748a7-cab8-4d10-aea0-f3b2e09f6c7d" daemon [_thread_blocked, id=25564, stack(0x00000095fc800000,0x00000095fc900000) (1024K)]
  0x000002654767a130 JavaThread "Start Level: Equinox Container: 9ab748a7-cab8-4d10-aea0-f3b2e09f6c7d" daemon [_thread_in_vm, id=18564, stack(0x00000095fc900000,0x00000095fca00000) (1024K)]
Total: 15

Other Threads:
  0x000002656930ea50 VMThread "VM Thread"                           [id=32580, stack(0x00000095fb400000,0x00000095fb500000) (1024K)]
  0x000002657fbdca00 WatcherThread "VM Periodic Task Thread"        [id=32572, stack(0x00000095fb300000,0x00000095fb400000) (1024K)]
  0x0000026569270830 WorkerThread "GC Thread#0"                     [id=32524, stack(0x00000095fb200000,0x00000095fb300000) (1024K)]
  0x00000265474261d0 WorkerThread "GC Thread#1"                     [id=7140, stack(0x00000095fbf00000,0x00000095fc000000) (1024K)]
  0x0000026547422610 WorkerThread "GC Thread#2"                     [id=27596, stack(0x00000095fc000000,0x00000095fc100000) (1024K)]
  0x0000026547426580 WorkerThread "GC Thread#3"                     [id=18228, stack(0x00000095fc100000,0x00000095fc200000) (1024K)]
  0x000002654742aa20 WorkerThread "GC Thread#4"                     [id=32324, stack(0x00000095fc200000,0x00000095fc300000) (1024K)]
  0x000002654742add0 WorkerThread "GC Thread#5"                     [id=10400, stack(0x00000095fc300000,0x00000095fc400000) (1024K)]
  0x000002654742b180 WorkerThread "GC Thread#6"                     [id=25704, stack(0x00000095fc400000,0x00000095fc500000) (1024K)]
  0x00000265473fcf00 WorkerThread "GC Thread#7"                     [id=32564, stack(0x00000095fc600000,0x00000095fc700000) (1024K)]
Total: 10

Threads with active compile tasks:
C2 CompilerThread0  3964 1916  s    4       java.io.ByteArrayOutputStream::write (32 bytes)
C1 CompilerThread0  3964 1925       3       sun.invoke.util.Wrapper::isDoubleWord (15 bytes)
Total: 2

VM state: not at safepoint (normal execution)

VM Mutex/Monitor currently owned by a thread:  ([mutex/lock_event])
[0x00007ffc2787d530] Metaspace_lock - owner thread: 0x000002657fcfe440

Heap address: 0x0000000080000000, size: 2048 MB, Compressed Oops mode: 32-bit

CDS archive(s) mapped at: [0x0000026500000000-0x0000026500ba0000-0x0000026500ba0000), size 12189696, SharedBaseAddress: 0x0000026500000000, ArchiveRelocationMode: 1.
Compressed class space mapped at: 0x0000026501000000-0x0000026541000000, reserved size: 1073741824
Narrow klass base: 0x0000026500000000, Narrow klass shift: 0, Narrow klass range: 0x100000000

GC Precious Log:
 CardTable entry size: 512
 CPUs: 8 total, 8 available
 Memory: 6021M
 Large Page Support: Disabled
 NUMA Support: Disabled
 Compressed Oops: Enabled (32-bit)
 Alignments: Space 512K, Generation 512K, Heap 2M
 Heap Min Capacity: 100M
 Heap Initial Capacity: 100M
 Heap Max Capacity: 2G
 Pre-touch: Disabled
 Parallel Workers: 8

Heap:
 PSYoungGen      total 29696K, used 11239K [0x00000000d5580000, 0x00000000d7680000, 0x0000000100000000)
  eden space 25600K, 27% used [0x00000000d5580000,0x00000000d5c7c4d8,0x00000000d6e80000)
  from space 4096K, 99% used [0x00000000d7280000,0x00000000d767d810,0x00000000d7680000)
  to   space 4096K, 0% used [0x00000000d6e80000,0x00000000d6e80000,0x00000000d7280000)
 ParOldGen       total 68608K, used 1912K [0x0000000080000000, 0x0000000084300000, 0x00000000d5580000)
  object space 68608K, 2% used [0x0000000080000000,0x00000000801de318,0x0000000084300000)
 Metaspace       used 8875K, committed 9152K, reserved 1114112K
  class space    used 936K, committed 1088K, reserved 1048576K

Card table byte_map: [0x0000026568c10000,0x0000026569020000] _byte_map_base: 0x0000026568810000

Marking Bits: (ParMarkBitMap*) 0x00007ffc278844a0
 Begin Bits: [0x000002657b700000, 0x000002657d700000)
 End Bits:   [0x000002657d700000, 0x000002657f700000)

Polling page: 0x0000026567340000

Metaspace:

Usage:
  Non-class:      7.75 MB used.
      Class:    936.83 KB used.
       Both:      8.67 MB used.

Virtual space:
  Non-class space:       64.00 MB reserved,       7.88 MB ( 12%) committed,  1 nodes.
      Class space:        1.00 GB reserved,       1.06 MB ( <1%) committed,  1 nodes.
             Both:        1.06 GB reserved,       8.94 MB ( <1%) committed. 

Chunk freelists:
   Non-Class:  7.94 MB
       Class:  14.81 MB
        Both:  22.75 MB

MaxMetaspaceSize: unlimited
CompressedClassSpaceSize: 1.00 GB
Initial GC threshold: 21.00 MB
Current GC threshold: 21.00 MB
CDS: on
 - commit_granule_bytes: 65536.
 - commit_granule_words: 8192.
 - virtual_space_node_default_size: 8388608.
 - enlarge_chunks_in_place: 1.
 - use_allocation_guard: 0.


Internal statistics:

num_allocs_failed_limit: 0.
num_arena_births: 240.
num_arena_deaths: 0.
num_vsnodes_births: 2.
num_vsnodes_deaths: 0.
num_space_committed: 143.
num_space_uncommitted: 0.
num_chunks_returned_to_freelist: 0.
num_chunks_taken_from_freelist: 476.
num_chunk_merges: 0.
num_chunk_splits: 298.
num_chunks_enlarged: 201.
num_inconsistent_stats: 0.

CodeHeap 'non-profiled nmethods': size=120000Kb used=768Kb max_used=768Kb free=119231Kb
 bounds [0x0000026573f20000, 0x0000026574190000, 0x000002657b450000]
CodeHeap 'profiled nmethods': size=120000Kb used=3651Kb max_used=3651Kb free=116348Kb
 bounds [0x000002656c450000, 0x000002656c7f0000, 0x0000026573980000]
CodeHeap 'non-nmethods': size=5760Kb used=1217Kb max_used=1236Kb free=4542Kb
 bounds [0x0000026573980000, 0x0000026573bf0000, 0x0000026573f20000]
CodeCache: size=245760Kb, used=5636Kb, max_used=5655Kb, free=240121Kb
 total_blobs=2405, nmethods=1921, adapters=391, full_count=0
Compilation: enabled, stopped_count=0, restarted_count=0

Compilation events (20 events):
Event: 3.869 Thread 0x000002657fcfe440 nmethod 1911 0x000002656c7d9510 code [0x000002656c7d9700, 0x000002656c7d9b90]
Event: 3.883 Thread 0x000002657fcfe440 1912       3       org.eclipse.osgi.internal.framework.EquinoxBundle::getState (101 bytes)
Event: 3.883 Thread 0x000002657fcfe440 nmethod 1912 0x000002656c7d9d10 code [0x000002656c7d9f80, 0x000002656c7da8f8]
Event: 3.883 Thread 0x000002657fcfe440 1913   !   3       org.eclipse.osgi.internal.framework.EquinoxBundle::$SWITCH_TABLE$org$eclipse$osgi$container$Module$State (115 bytes)
Event: 3.884 Thread 0x000002657fcfe440 nmethod 1913 0x000002656c7dac90 code [0x000002656c7dae80, 0x000002656c7db3d8]
Event: 3.886 Thread 0x000002657fcd7250 1914       4       java.lang.Class::getName (18 bytes)
Event: 3.886 Thread 0x000002657fcd7250 nmethod 1914 0x0000026573fdf590 code [0x0000026573fdf720, 0x0000026573fdf7e0]
Event: 3.888 Thread 0x000002657fcd7250 1915       4       java.io.ByteArrayOutputStream::ensureCapacity (32 bytes)
Event: 3.889 Thread 0x000002657fcfe440 1917   !   3       java.io.BufferedInputStream::mark (62 bytes)
Event: 3.890 Thread 0x000002657fcfe440 nmethod 1917 0x000002656c7db610 code [0x000002656c7db8a0, 0x000002656c7dc550]
Event: 3.890 Thread 0x000002657fcfe440 1918       3       java.io.BufferedInputStream::implMark (14 bytes)
Event: 3.890 Thread 0x000002657fcfe440 nmethod 1918 0x000002656c7dc990 code [0x000002656c7dcb20, 0x000002656c7dcc38]
Event: 3.890 Thread 0x000002657fcfe440 1919       3       java.lang.invoke.MethodHandleNatives::refKindHasReceiver (33 bytes)
Event: 3.891 Thread 0x000002657fcfe440 nmethod 1919 0x000002656c7dcd10 code [0x000002656c7dcea0, 0x000002656c7dcff0]
Event: 3.891 Thread 0x000002657fcfe440 1920       3       java.lang.invoke.MethodHandles$Lookup::<init> (84 bytes)
Event: 3.891 Thread 0x000002657fcfe440 nmethod 1920 0x000002656c7dd090 code [0x000002656c7dd240, 0x000002656c7dd400]
Event: 3.892 Thread 0x000002657fcd7250 nmethod 1915 0x0000026573fdf890 code [0x0000026573fdfa40, 0x0000026573fdfed8]
Event: 3.892 Thread 0x000002657fcd7250 1916  s    4       java.io.ByteArrayOutputStream::write (32 bytes)
Event: 3.893 Thread 0x000002657fcfe440 1921       3       java.lang.invoke.InnerClassLambdaMetafactory::getOpcodeOffset (38 bytes)
Event: 3.893 Thread 0x000002657fcfe440 nmethod 1921 0x000002656c7dd490 code [0x000002656c7dd660, 0x000002656c7dd918]

GC Heap History (4 events):
Event: 1.798 GC heap before
{Heap before GC invocations=1 (full 0):
 PSYoungGen      total 29696K, used 25600K [0x00000000d5580000, 0x00000000d7680000, 0x0000000100000000)
  eden space 25600K, 100% used [0x00000000d5580000,0x00000000d6e80000,0x00000000d6e80000)
  from space 4096K, 0% used [0x00000000d7280000,0x00000000d7280000,0x00000000d7680000)
  to   space 4096K, 0% used [0x00000000d6e80000,0x00000000d6e80000,0x00000000d7280000)
 ParOldGen       total 68608K, used 0K [0x0000000080000000, 0x0000000084300000, 0x00000000d5580000)
  object space 68608K, 0% used [0x0000000080000000,0x0000000080000000,0x0000000084300000)
 Metaspace       used 4324K, committed 4544K, reserved 1114112K
  class space    used 472K, committed 576K, reserved 1048576K
}
Event: 1.807 GC heap after
{Heap after GC invocations=1 (full 0):
 PSYoungGen      total 29696K, used 3296K [0x00000000d5580000, 0x00000000d7680000, 0x0000000100000000)
  eden space 25600K, 0% used [0x00000000d5580000,0x00000000d5580000,0x00000000d6e80000)
  from space 4096K, 80% used [0x00000000d6e80000,0x00000000d71b8138,0x00000000d7280000)
  to   space 4096K, 0% used [0x00000000d7280000,0x00000000d7280000,0x00000000d7680000)
 ParOldGen       total 68608K, used 16K [0x0000000080000000, 0x0000000084300000, 0x00000000d5580000)
  object space 68608K, 0% used [0x0000000080000000,0x0000000080004000,0x0000000084300000)
 Metaspace       used 4324K, committed 4544K, reserved 1114112K
  class space    used 472K, committed 576K, reserved 1048576K
}
Event: 3.571 GC heap before
{Heap before GC invocations=2 (full 0):
 PSYoungGen      total 29696K, used 28896K [0x00000000d5580000, 0x00000000d7680000, 0x0000000100000000)
  eden space 25600K, 100% used [0x00000000d5580000,0x00000000d6e80000,0x00000000d6e80000)
  from space 4096K, 80% used [0x00000000d6e80000,0x00000000d71b8138,0x00000000d7280000)
  to   space 4096K, 0% used [0x00000000d7280000,0x00000000d7280000,0x00000000d7680000)
 ParOldGen       total 68608K, used 16K [0x0000000080000000, 0x0000000084300000, 0x00000000d5580000)
  object space 68608K, 0% used [0x0000000080000000,0x0000000080004000,0x0000000084300000)
 Metaspace       used 8036K, committed 8384K, reserved 1114112K
  class space    used 831K, committed 960K, reserved 1048576K
}
Event: 3.579 GC heap after
{Heap after GC invocations=2 (full 0):
 PSYoungGen      total 29696K, used 4086K [0x00000000d5580000, 0x00000000d7680000, 0x0000000100000000)
  eden space 25600K, 0% used [0x00000000d5580000,0x00000000d5580000,0x00000000d6e80000)
  from space 4096K, 99% used [0x00000000d7280000,0x00000000d767d810,0x00000000d7680000)
  to   space 4096K, 0% used [0x00000000d6e80000,0x00000000d6e80000,0x00000000d7280000)
 ParOldGen       total 68608K, used 1912K [0x0000000080000000, 0x0000000084300000, 0x00000000d5580000)
  object space 68608K, 2% used [0x0000000080000000,0x00000000801de318,0x0000000084300000)
 Metaspace       used 8036K, committed 8384K, reserved 1114112K
  class space    used 831K, committed 960K, reserved 1048576K
}

Dll operation events (18 events):
Event: 0.026 Attempting to load shared library c:\Users\omkar pati\.antigravity-ide\extensions\redhat.java-1.56.0-win32-x64\jre\21.0.12.1-win32-x86_64\bin\java.dll
Event: 0.026 Loaded shared library c:\Users\omkar pati\.antigravity-ide\extensions\redhat.java-1.56.0-win32-x64\jre\21.0.12.1-win32-x86_64\bin\java.dll
Event: 0.211 Attempting to load shared library c:\Users\omkar pati\.antigravity-ide\extensions\redhat.java-1.56.0-win32-x64\jre\21.0.12.1-win32-x86_64\bin\zip.dll
Event: 0.212 Loaded shared library c:\Users\omkar pati\.antigravity-ide\extensions\redhat.java-1.56.0-win32-x64\jre\21.0.12.1-win32-x86_64\bin\zip.dll
Event: 0.248 Attempting to load shared library C:\Users\omkar pati\.antigravity-ide\extensions\redhat.java-1.56.0-win32-x64\jre\21.0.12.1-win32-x86_64\bin\instrument.dll
Event: 0.248 Loaded shared library C:\Users\omkar pati\.antigravity-ide\extensions\redhat.java-1.56.0-win32-x64\jre\21.0.12.1-win32-x86_64\bin\instrument.dll
Event: 0.256 Attempting to load shared library C:\Users\omkar pati\.antigravity-ide\extensions\redhat.java-1.56.0-win32-x64\jre\21.0.12.1-win32-x86_64\bin\net.dll
Event: 0.259 Loaded shared library C:\Users\omkar pati\.antigravity-ide\extensions\redhat.java-1.56.0-win32-x64\jre\21.0.12.1-win32-x86_64\bin\net.dll
Event: 0.264 Attempting to load shared library C:\Users\omkar pati\.antigravity-ide\extensions\redhat.java-1.56.0-win32-x64\jre\21.0.12.1-win32-x86_64\bin\nio.dll
Event: 0.265 Loaded shared library C:\Users\omkar pati\.antigravity-ide\extensions\redhat.java-1.56.0-win32-x64\jre\21.0.12.1-win32-x86_64\bin\nio.dll
Event: 0.270 Attempting to load shared library C:\Users\omkar pati\.antigravity-ide\extensions\redhat.java-1.56.0-win32-x64\jre\21.0.12.1-win32-x86_64\bin\zip.dll
Event: 0.270 Loaded shared library C:\Users\omkar pati\.antigravity-ide\extensions\redhat.java-1.56.0-win32-x64\jre\21.0.12.1-win32-x86_64\bin\zip.dll
Event: 0.337 Attempting to load shared library C:\Users\omkar pati\.antigravity-ide\extensions\redhat.java-1.56.0-win32-x64\jre\21.0.12.1-win32-x86_64\bin\jimage.dll
Event: 0.337 Loaded shared library C:\Users\omkar pati\.antigravity-ide\extensions\redhat.java-1.56.0-win32-x64\jre\21.0.12.1-win32-x86_64\bin\jimage.dll
Event: 0.589 Attempting to load shared library c:\Users\omkar pati\.antigravity-ide\extensions\redhat.java-1.56.0-win32-x64\jre\21.0.12.1-win32-x86_64\bin\verify.dll
Event: 0.590 Loaded shared library c:\Users\omkar pati\.antigravity-ide\extensions\redhat.java-1.56.0-win32-x64\jre\21.0.12.1-win32-x86_64\bin\verify.dll
Event: 3.737 Attempting to load shared library C:\Users\omkar pati\AppData\Roaming\Antigravity IDE\User\globalStorage\redhat.java\1.56.0\config_win\org.eclipse.equinox.launcher\org.eclipse.equinox.launcher.win32.win32.x86_64_1.3.100.v20260804-1928\eclipse_11924.dll
Event: 3.743 Loaded shared library C:\Users\omkar pati\AppData\Roaming\Antigravity IDE\User\globalStorage\redhat.java\1.56.0\config_win\org.eclipse.equinox.launcher\org.eclipse.equinox.launcher.win32.win32.x86_64_1.3.100.v20260804-1928\eclipse_11924.dll

Deoptimization events (20 events):
Event: 3.758 Thread 0x000002654706d830 Uncommon trap: trap_request=0xffffff45 fr.pc=0x0000026573f55344 relative=0x00000000000002a4
Event: 3.759 Thread 0x000002654706d830 Uncommon trap: reason=unstable_if action=reinterpret pc=0x0000026573f55344 method=java.util.HashMap$HashIterator.<init>(Ljava/util/HashMap;)V @ 45 c2
Event: 3.759 Thread 0x000002654706d830 DEOPT PACKING pc=0x0000026573f55344 sp=0x00000095fc7fea20
Event: 3.759 Thread 0x000002654706d830 DEOPT UNPACKING pc=0x00000265739d3aa2 sp=0x00000095fc7fe9b8 mode 2
Event: 3.761 Thread 0x000002654706d830 Uncommon trap: trap_request=0xffffff45 fr.pc=0x0000026573fa3160 relative=0x0000000000000040
Event: 3.761 Thread 0x000002654706d830 Uncommon trap: reason=unstable_if action=reinterpret pc=0x0000026573fa3160 method=java.util.concurrent.locks.AbstractQueuedSynchronizer.signalNext(Ljava/util/concurrent/locks/AbstractQueuedSynchronizer$Node;)V @ 1 c2
Event: 3.761 Thread 0x000002654706d830 DEOPT PACKING pc=0x0000026573fa3160 sp=0x00000095fc7fe5e0
Event: 3.761 Thread 0x000002654706d830 DEOPT UNPACKING pc=0x00000265739d3aa2 sp=0x00000095fc7fe570 mode 2
Event: 3.835 Thread 0x000002654767a130 Uncommon trap: trap_request=0xffffff6e fr.pc=0x0000026573f8dc28 relative=0x0000000000000368
Event: 3.835 Thread 0x000002654767a130 Uncommon trap: reason=loop_limit_check action=maybe_recompile pc=0x0000026573f8dc28 method=java.lang.StringLatin1.indexOf([BI[BII)I @ 37 c2
Event: 3.835 Thread 0x000002654767a130 DEOPT PACKING pc=0x0000026573f8dc28 sp=0x00000095fc9fcdd0
Event: 3.835 Thread 0x000002654767a130 DEOPT UNPACKING pc=0x00000265739d3aa2 sp=0x00000095fc9fcd30 mode 2
Event: 3.887 Thread 0x000002654767a130 Uncommon trap: trap_request=0xffffff45 fr.pc=0x0000026573fa3b34 relative=0x0000000000000094
Event: 3.887 Thread 0x000002654767a130 Uncommon trap: reason=unstable_if action=reinterpret pc=0x0000026573fa3b34 method=java.io.BufferedInputStream.getBufIfOpen(Z)[B @ 13 c2
Event: 3.887 Thread 0x000002654767a130 DEOPT PACKING pc=0x0000026573fa3b34 sp=0x00000095fc9fdce0
Event: 3.887 Thread 0x000002654767a130 DEOPT UNPACKING pc=0x00000265739d3aa2 sp=0x00000095fc9fdc60 mode 2
Event: 3.889 Thread 0x000002654767a130 Uncommon trap: trap_request=0xffffff45 fr.pc=0x0000026573f8a5cc relative=0x0000000000000e0c
Event: 3.889 Thread 0x000002654767a130 Uncommon trap: reason=unstable_if action=reinterpret pc=0x0000026573f8a5cc method=java.lang.String.<init>(Ljava/nio/charset/Charset;[BII)V @ 6 c2
Event: 3.889 Thread 0x000002654767a130 DEOPT PACKING pc=0x0000026573f8a5cc sp=0x00000095fc9fdc60
Event: 3.889 Thread 0x000002654767a130 DEOPT UNPACKING pc=0x00000265739d3aa2 sp=0x00000095fc9fdc30 mode 2

Classes loaded (20 events):
Event: 3.796 Loading class java/util/concurrent/ExecutionException
Event: 3.796 Loading class java/util/concurrent/ExecutionException done
Event: 3.796 Loading class java/util/concurrent/ConcurrentLinkedQueue
Event: 3.797 Loading class java/util/concurrent/ConcurrentLinkedQueue done
Event: 3.797 Loading class java/util/concurrent/ConcurrentLinkedQueue$Node
Event: 3.797 Loading class java/util/concurrent/ConcurrentLinkedQueue$Node done
Event: 3.817 Loading class java/util/concurrent/CountDownLatch
Event: 3.817 Loading class java/util/concurrent/CountDownLatch done
Event: 3.817 Loading class java/util/concurrent/CountDownLatch$Sync
Event: 3.818 Loading class java/util/concurrent/CountDownLatch$Sync done
Event: 3.849 Loading class jdk/internal/logger/LoggerFinderLoader
Event: 3.849 Loading class jdk/internal/logger/LoggerFinderLoader done
Event: 3.850 Loading class jdk/internal/logger/LoggerFinderLoader$TemporaryLoggerFinder
Event: 3.850 Loading class jdk/internal/logger/LoggerFinderLoader$TemporaryLoggerFinder done
Event: 3.851 Loading class sun/util/logging/internal/LoggingProviderImpl$JULWrapper
Event: 3.852 Loading class sun/util/logging/internal/LoggingProviderImpl$JULWrapper done
Event: 3.875 Loading class java/util/AbstractList$Itr
Event: 3.875 Loading class java/util/AbstractList$Itr done
Event: 3.886 Loading class java/util/MissingResourceException
Event: 3.886 Loading class java/util/MissingResourceException done

Classes unloaded (0 events):
No events

Classes redefined (0 events):
No events

Internal exceptions (20 events):
Event: 1.861 Thread 0x0000026569251310 Exception <a 'java/lang/ClassNotFoundException'{0x00000000d55ea930}: sun/net/www/protocol/c/Handler> (0x00000000d55ea930) 
thrown [s\src\hotspot\share\classfile\systemDictionary.cpp, line 313]
Event: 1.862 Thread 0x0000026569251310 Exception <a 'java/lang/ClassNotFoundException'{0x00000000d55ebc88}: sun/net/www/protocol/c/Handler> (0x00000000d55ebc88) 
thrown [s\src\hotspot\share\classfile\systemDictionary.cpp, line 313]
Event: 1.863 Thread 0x0000026569251310 Exception <a 'java/lang/ClassNotFoundException'{0x00000000d55ecde0}: sun/net/www/protocol/c/Handler> (0x00000000d55ecde0) 
thrown [s\src\hotspot\share\classfile\systemDictionary.cpp, line 313]
Event: 1.903 Thread 0x0000026569251310 Exception <a 'java/io/FileNotFoundException'{0x00000000d56176a8}> (0x00000000d56176a8) 
thrown [s\src\hotspot\share\prims\jni.cpp, line 520]
Event: 1.995 Thread 0x0000026569251310 Implicit null exception at 0x0000026573f749c9 to 0x0000026573f7533c
Event: 1.995 Thread 0x0000026569251310 Implicit null exception at 0x0000026573f7b11a to 0x0000026573f7b31c
Event: 1.996 Thread 0x0000026569251310 Exception <a 'java/lang/NoSuchMethodError'{0x00000000d574a500}: 'void java.lang.invoke.DirectMethodHandle$Holder.invokeStatic(java.lang.Object, java.lang.Object, java.lang.Object, java.lang.Object)'> (0x00000000d574a500) 
thrown [s\src\hotspot\share\interpreter\linkResolver.cpp, line 773]
Event: 1.998 Thread 0x0000026569251310 Implicit null exception at 0x0000026573f7ee9a to 0x0000026573f7f094
Event: 1.998 Thread 0x0000026569251310 Implicit null exception at 0x0000026573f788bd to 0x0000026573f78941
Event: 2.191 Thread 0x0000026569251310 Exception <a 'java/lang/NoSuchMethodError'{0x00000000d5a34268}: 'void java.lang.invoke.DirectMethodHandle$Holder.invokeSpecial(java.lang.Object, java.lang.Object, java.lang.Object)'> (0x00000000d5a34268) 
thrown [s\src\hotspot\share\interpreter\linkResolver.cpp, line 773]
Event: 2.615 Thread 0x0000026569251310 Exception <a 'java/lang/NoSuchMethodError'{0x00000000d64b15a0}: 'int java.lang.invoke.DirectMethodHandle$Holder.invokeVirtual(java.lang.Object, java.lang.Object)'> (0x00000000d64b15a0) 
thrown [s\src\hotspot\share\interpreter\linkResolver.cpp, line 773]
Event: 2.857 Thread 0x0000026569251310 Exception <a 'java/lang/NoSuchMethodError'{0x00000000d663b3a0}: 'int java.lang.invoke.DirectMethodHandle$Holder.invokeStaticInit(java.lang.Object, java.lang.Object, java.lang.Object, java.lang.Object)'> (0x00000000d663b3a0) 
thrown [s\src\hotspot\share\interpreter\linkResolver.cpp, line 773]
Event: 2.863 Thread 0x0000026569251310 Exception <a 'java/lang/IncompatibleClassChangeError'{0x00000000d6643a88}: Found class java.lang.Object, but interface was expected> (0x00000000d6643a88) 
thrown [s\src\hotspot\share\interpreter\linkResolver.cpp, line 840]
Event: 2.865 Thread 0x0000026569251310 Exception <a 'java/lang/NoSuchMethodError'{0x00000000d664a938}: 'void java.lang.invoke.DirectMethodHandle$Holder.invokeStaticInit(java.lang.Object, java.lang.Object)'> (0x00000000d664a938) 
thrown [s\src\hotspot\share\interpreter\linkResolver.cpp, line 773]
Event: 2.869 Thread 0x0000026569251310 Exception <a 'java/lang/NoSuchMethodError'{0x00000000d6654410}: 'int java.lang.invoke.DirectMethodHandle$Holder.invokeStaticInit(java.lang.Object, java.lang.Object)'> (0x00000000d6654410) 
thrown [s\src\hotspot\share\interpreter\linkResolver.cpp, line 773]
Event: 2.987 Thread 0x0000026569251310 Exception <a 'java/lang/NoSuchMethodError'{0x00000000d68b9480}: 'java.lang.Object java.lang.invoke.DirectMethodHandle$Holder.newInvokeSpecial(java.lang.Object, int, java.lang.Object)'> (0x00000000d68b9480) 
thrown [s\src\hotspot\share\interpreter\linkResolver.cpp, line 773]
Event: 3.120 Thread 0x0000026569251310 Exception <a 'java/lang/ClassNotFoundException'{0x00000000d6ad9400}: sun/net/www/protocol/plurl/Handler> (0x00000000d6ad9400) 
thrown [s\src\hotspot\share\classfile\systemDictionary.cpp, line 313]
Event: 3.120 Thread 0x0000026569251310 Exception <a 'java/lang/ClassNotFoundException'{0x00000000d6ada280}: sun/net/www/protocol/plurl/Handler> (0x00000000d6ada280) 
thrown [s\src\hotspot\share\classfile\systemDictionary.cpp, line 313]
Event: 3.734 Thread 0x0000026569251310 Exception <a 'java/lang/UnsatisfiedLinkError'{0x00000000d56a4c00}: 'void org.eclipse.equinox.launcher.JNIBridge._update_splash()'> (0x00000000d56a4c00) 
thrown [s\src\hotspot\share\prims\nativeLookup.cpp, line 415]
Event: 3.804 Thread 0x000002654706d830 Exception <a 'java/lang/NoSuchMethodError'{0x00000000d59638c0}: 'void java.lang.invoke.DirectMethodHandle$Holder.invokeInterface(java.lang.Object, java.lang.Object, java.lang.Object)'> (0x00000000d59638c0) 
thrown [s\src\hotspot\share\interpreter\linkResolver.cpp, line 773]

ZGC Phase Switch (0 events):
No events

VM Operations (20 events):
Event: 0.371 Executing non-safepoint VM operation: HandshakeAllThreads (Deoptimize)
Event: 0.371 Executing non-safepoint VM operation: HandshakeAllThreads (Deoptimize) done
Event: 1.070 Executing non-safepoint VM operation: HandshakeAllThreads (Deoptimize)
Event: 1.070 Executing non-safepoint VM operation: HandshakeAllThreads (Deoptimize) done
Event: 1.103 Executing non-safepoint VM operation: HandshakeAllThreads (Deoptimize)
Event: 1.103 Executing non-safepoint VM operation: HandshakeAllThreads (Deoptimize) done
Event: 1.103 Executing safepoint VM operation: Cleanup
Event: 1.103 Executing safepoint VM operation: Cleanup done
Event: 1.798 Executing safepoint VM operation: ParallelGCFailedAllocation (Allocation Failure)
Event: 1.807 Executing safepoint VM operation: ParallelGCFailedAllocation (Allocation Failure) done
Event: 2.815 Executing safepoint VM operation: Cleanup
Event: 2.815 Executing safepoint VM operation: Cleanup done
Event: 2.930 Executing non-safepoint VM operation: HandshakeAllThreads (Deoptimize)
Event: 2.930 Executing non-safepoint VM operation: HandshakeAllThreads (Deoptimize) done
Event: 2.946 Executing non-safepoint VM operation: HandshakeAllThreads (Deoptimize)
Event: 2.946 Executing non-safepoint VM operation: HandshakeAllThreads (Deoptimize) done
Event: 3.106 Executing non-safepoint VM operation: HandshakeAllThreads (Deoptimize)
Event: 3.107 Executing non-safepoint VM operation: HandshakeAllThreads (Deoptimize) done
Event: 3.571 Executing safepoint VM operation: ParallelGCFailedAllocation (Allocation Failure)
Event: 3.579 Executing safepoint VM operation: ParallelGCFailedAllocation (Allocation Failure) done

Memory protections (0 events):
No events

Nmethod flushes (0 events):
No events

Events (15 events):
Event: 0.070 Thread 0x0000026569251310 Thread added: 0x0000026569251310
Event: 0.137 Thread 0x0000026569251310 Thread added: 0x000002657fcc50f0
Event: 0.137 Thread 0x0000026569251310 Thread added: 0x000002657fcc7be0
Event: 0.138 Thread 0x0000026569251310 Thread added: 0x000002657fcc9e80
Event: 0.140 Thread 0x0000026569251310 Thread added: 0x000002657fcca8e0
Event: 0.144 Thread 0x0000026569251310 Thread added: 0x000002657fcd39a0
Event: 0.144 Thread 0x0000026569251310 Thread added: 0x000002657fcd6410
Event: 0.144 Thread 0x0000026569251310 Thread added: 0x000002657fcd7250
Event: 0.146 Thread 0x0000026569251310 Thread added: 0x000002657fcfe440
Event: 0.252 Thread 0x0000026569251310 Thread added: 0x0000026542863e50
Event: 0.811 Thread 0x0000026569251310 Thread added: 0x0000026542a7e640
Event: 2.913 Thread 0x0000026569251310 Thread added: 0x00000265475be0d0
Event: 3.731 Thread 0x0000026569251310 Thread added: 0x000002654706d830
Event: 3.810 Thread 0x000002654706d830 Thread added: 0x00000265473fb3b0
Event: 3.815 Thread 0x0000026569251310 Thread added: 0x000002654767a130


Dynamic libraries:
0x00007ff6b0f30000 - 0x00007ff6b0f3e000 	c:\Users\omkar pati\.antigravity-ide\extensions\redhat.java-1.56.0-win32-x64\jre\21.0.12.1-win32-x86_64\bin\java.exe
0x00007ffcb4860000 - 0x00007ffcb4ac7000 	C:\WINDOWS\SYSTEM32\ntdll.dll
0x00007ffcb3330000 - 0x00007ffcb33fb000 	C:\WINDOWS\System32\KERNEL32.DLL
0x00007ffcb1a60000 - 0x00007ffcb1e62000 	C:\WINDOWS\System32\KERNELBASE.dll
0x00007ffcb1f60000 - 0x00007ffcb20ac000 	C:\WINDOWS\System32\ucrtbase.dll
0x00007ffc9ada0000 - 0x00007ffc9adb8000 	c:\Users\omkar pati\.antigravity-ide\extensions\redhat.java-1.56.0-win32-x64\jre\21.0.12.1-win32-x86_64\bin\jli.dll
0x00007ffca36a0000 - 0x00007ffca36be000 	c:\Users\omkar pati\.antigravity-ide\extensions\redhat.java-1.56.0-win32-x64\jre\21.0.12.1-win32-x86_64\bin\VCRUNTIME140.dll
0x00007ffcb3570000 - 0x00007ffcb373f000 	C:\WINDOWS\System32\USER32.dll
0x00007ffcb1e70000 - 0x00007ffcb1e97000 	C:\WINDOWS\System32\win32u.dll
0x00007ffcb3300000 - 0x00007ffcb332b000 	C:\WINDOWS\System32\GDI32.dll
0x00007ffc95830000 - 0x00007ffc95ac0000 	C:\WINDOWS\WinSxS\amd64_microsoft.windows.common-controls_6595b64144ccf1df_6.0.26100.9278_none_3e0d1ba8e3303201\COMCTL32.dll
0x00007ffcb20c0000 - 0x00007ffcb21e9000 	C:\WINDOWS\System32\gdi32full.dll
0x00007ffcb25a0000 - 0x00007ffcb2649000 	C:\WINDOWS\System32\msvcrt.dll
0x00007ffcb2440000 - 0x00007ffcb24e3000 	C:\WINDOWS\System32\msvcp_win.dll
0x00007ffcb30f0000 - 0x00007ffcb3121000 	C:\WINDOWS\System32\IMM32.DLL
0x00007ffcac5c0000 - 0x00007ffcac5cc000 	c:\Users\omkar pati\.antigravity-ide\extensions\redhat.java-1.56.0-win32-x64\jre\21.0.12.1-win32-x86_64\bin\vcruntime140_1.dll
0x00007ffc439e0000 - 0x00007ffc43a6d000 	c:\Users\omkar pati\.antigravity-ide\extensions\redhat.java-1.56.0-win32-x64\jre\21.0.12.1-win32-x86_64\bin\msvcp140.dll
0x00007ffc26bc0000 - 0x00007ffc27962000 	c:\Users\omkar pati\.antigravity-ide\extensions\redhat.java-1.56.0-win32-x64\jre\21.0.12.1-win32-x86_64\bin\server\jvm.dll
0x00007ffcb3020000 - 0x00007ffcb30dc000 	C:\WINDOWS\System32\ADVAPI32.dll
0x00007ffcb37c0000 - 0x00007ffcb3869000 	C:\WINDOWS\System32\sechost.dll
0x00007ffcb31e0000 - 0x00007ffcb32f8000 	C:\WINDOWS\System32\RPCRT4.dll
0x00007ffcb4110000 - 0x00007ffcb4190000 	C:\WINDOWS\System32\WS2_32.dll
0x00007ffcb18c0000 - 0x00007ffcb191e000 	C:\WINDOWS\SYSTEM32\POWRPROF.dll
0x00007ffcab620000 - 0x00007ffcab62b000 	C:\WINDOWS\SYSTEM32\VERSION.dll
0x00007ffcaa4e0000 - 0x00007ffcaa516000 	C:\WINDOWS\SYSTEM32\WINMM.dll
0x00007ffcb18a0000 - 0x00007ffcb18b5000 	C:\WINDOWS\SYSTEM32\UMPDC.dll
0x00007ffcb0730000 - 0x00007ffcb074b000 	C:\WINDOWS\SYSTEM32\kernel.appcore.dll
0x00007ffca3150000 - 0x00007ffca315a000 	c:\Users\omkar pati\.antigravity-ide\extensions\redhat.java-1.56.0-win32-x64\jre\21.0.12.1-win32-x86_64\bin\jimage.dll
0x00007ffcaf0d0000 - 0x00007ffcaf31c000 	C:\WINDOWS\SYSTEM32\DBGHELP.DLL
0x00007ffcb3b10000 - 0x00007ffcb3e95000 	C:\WINDOWS\System32\combase.dll
0x00007ffcb3460000 - 0x00007ffcb3539000 	C:\WINDOWS\System32\OLEAUT32.dll
0x00007ffc95280000 - 0x00007ffc952bb000 	C:\WINDOWS\SYSTEM32\dbgcore.DLL
0x00007ffcb2380000 - 0x00007ffcb242c000 	C:\WINDOWS\System32\bcryptPrimitives.dll
0x00007ffc9b470000 - 0x00007ffc9b47f000 	c:\Users\omkar pati\.antigravity-ide\extensions\redhat.java-1.56.0-win32-x64\jre\21.0.12.1-win32-x86_64\bin\instrument.dll
0x00007ffc96100000 - 0x00007ffc96120000 	c:\Users\omkar pati\.antigravity-ide\extensions\redhat.java-1.56.0-win32-x64\jre\21.0.12.1-win32-x86_64\bin\java.dll
0x00007ffcb27b0000 - 0x00007ffcb2f48000 	C:\WINDOWS\System32\SHELL32.dll
0x00007ffcaf500000 - 0x00007ffcafdae000 	C:\WINDOWS\SYSTEM32\windows.storage.dll
0x00007ffcb3a10000 - 0x00007ffcb3b0b000 	C:\WINDOWS\System32\SHCORE.dll
0x00007ffcb3750000 - 0x00007ffcb37b6000 	C:\WINDOWS\System32\shlwapi.dll
0x00007ffcb1980000 - 0x00007ffcb19a9000 	C:\WINDOWS\SYSTEM32\profapi.dll
0x00007ffc8fe40000 - 0x00007ffc8fe58000 	c:\Users\omkar pati\.antigravity-ide\extensions\redhat.java-1.56.0-win32-x64\jre\21.0.12.1-win32-x86_64\bin\zip.dll
0x00007ffc9add0000 - 0x00007ffc9ade0000 	C:\Users\omkar pati\.antigravity-ide\extensions\redhat.java-1.56.0-win32-x64\jre\21.0.12.1-win32-x86_64\bin\net.dll
0x00007ffcaa1a0000 - 0x00007ffcaa2ca000 	C:\WINDOWS\SYSTEM32\WINHTTP.dll
0x00007ffcb0cf0000 - 0x00007ffcb0d5c000 	C:\WINDOWS\system32\mswsock.dll
0x00007ffc8f540000 - 0x00007ffc8f556000 	C:\Users\omkar pati\.antigravity-ide\extensions\redhat.java-1.56.0-win32-x64\jre\21.0.12.1-win32-x86_64\bin\nio.dll
0x00007ffc9ab80000 - 0x00007ffc9ab90000 	c:\Users\omkar pati\.antigravity-ide\extensions\redhat.java-1.56.0-win32-x64\jre\21.0.12.1-win32-x86_64\bin\verify.dll
0x00007ffc8b590000 - 0x00007ffc8b5d5000 	C:\Users\omkar pati\AppData\Roaming\Antigravity IDE\User\globalStorage\redhat.java\1.56.0\config_win\org.eclipse.equinox.launcher\org.eclipse.equinox.launcher.win32.win32.x86_64_1.3.100.v20260804-1928\eclipse_11924.dll
0x00007ffcb3870000 - 0x00007ffcb3a0a000 	C:\WINDOWS\System32\ole32.dll

JVMTI agents:
c:\Users\omkar pati\.antigravity-ide\extensions\redhat.java-1.56.0-win32-x64\lombok\lombok-1.18.39-4050.jar path:c:\Users\omkar pati\.antigravity-ide\extensions\redhat.java-1.56.0-win32-x64\jre\21.0.12.1-win32-x86_64\bin\instrument.dll, loaded, initialized, instrumentlib options:none

dbghelp: loaded successfully - version: 4.0.5 - missing functions: none
symbol engine: initialized successfully - sym options: 0x614 - pdb path: .;c:\Users\omkar pati\.antigravity-ide\extensions\redhat.java-1.56.0-win32-x64\jre\21.0.12.1-win32-x86_64\bin;C:\WINDOWS\SYSTEM32;C:\WINDOWS\WinSxS\amd64_microsoft.windows.common-controls_6595b64144ccf1df_6.0.26100.9278_none_3e0d1ba8e3303201;c:\Users\omkar pati\.antigravity-ide\extensions\redhat.java-1.56.0-win32-x64\jre\21.0.12.1-win32-x86_64\bin\server;C:\Users\omkar pati\AppData\Roaming\Antigravity IDE\User\globalStorage\redhat.java\1.56.0\config_win\org.eclipse.equinox.launcher\org.eclipse.equinox.launcher.win32.win32.x86_64_1.3.100.v20260804-1928

VM Arguments:
jvm_args: --add-modules=ALL-SYSTEM --add-opens=java.base/java.util=ALL-UNNAMED --add-opens=java.base/java.lang=ALL-UNNAMED --add-opens=java.base/sun.nio.fs=ALL-UNNAMED -Declipse.application=org.eclipse.jdt.ls.core.id1 -Dosgi.bundles.defaultStartLevel=4 -Declipse.product=org.eclipse.jdt.ls.core.product -Djava.import.generatesMetadataFilesAtProjectRoot=false -Dm2e.project.cache.size=50 -DDetectVMInstallationsJob.disabled=true -Dfile.encoding=utf8 -XX:+UseParallelGC -XX:GCTimeRatio=4 -XX:AdaptiveSizePolicyWeight=90 -Dsun.zip.disableMemoryMapping=true -Xmx2G -Xms100m -Xlog:disable -javaagent:c:\Users\omkar pati\.antigravity-ide\extensions\redhat.java-1.56.0-win32-x64\lombok\lombok-1.18.39-4050.jar -XX:+HeapDumpOnOutOfMemoryError -XX:HeapDumpPath=c:\Users\omkar pati\AppData\Roaming\Antigravity IDE\User\workspaceStorage\8d7e59ce070dae60162b3dc1c307cd69\redhat.java -Daether.dependencyCollector.impl=bf 
java_command: c:\Users\omkar pati\.antigravity-ide\extensions\redhat.java-1.56.0-win32-x64\server\plugins\org.eclipse.equinox.launcher_1.8.0.v20260804-1928.jar -configuration c:\Users\omkar pati\AppData\Roaming\Antigravity IDE\User\globalStorage\redhat.java\1.56.0\config_win -data c:\Users\omkar pati\AppData\Roaming\Antigravity IDE\User\workspaceStorage\8d7e59ce070dae60162b3dc1c307cd69\redhat.java\jdt_ws --pipe=\\.\pipe\lsp-cfcb44dccd4b8cc85e4ff2b9c6107f3e-sock
java_class_path (initial): c:\Users\omkar pati\.antigravity-ide\extensions\redhat.java-1.56.0-win32-x64\server\plugins\org.eclipse.equinox.launcher_1.8.0.v20260804-1928.jar
Launcher Type: SUN_STANDARD

[Global flags]
    uintx AdaptiveSizePolicyWeight                 = 90                                        {product} {command line}
     intx CICompilerCount                          = 4                                         {product} {ergonomic}
    uintx GCTimeRatio                              = 4                                         {product} {command line}
     bool HeapDumpOnOutOfMemoryError               = true                                   {manageable} {command line}
    ccstr HeapDumpPath                             = c:\Users\omkar pati\AppData\Roaming\Antigravity IDE\User\workspaceStorage\8d7e59ce070dae60162b3dc1c307cd69\redhat.java         {manageable} {command line}
   size_t InitialHeapSize                          = 104857600                                 {product} {command line}
   size_t MaxHeapSize                              = 2147483648                                {product} {command line}
   size_t MaxNewSize                               = 715653120                                 {product} {ergonomic}
   size_t MinHeapDeltaBytes                        = 524288                                    {product} {ergonomic}
   size_t MinHeapSize                              = 104857600                                 {product} {command line}
   size_t NewSize                                  = 34603008                                  {product} {ergonomic}
    uintx NonNMethodCodeHeapSize                   = 5839372                                {pd product} {ergonomic}
    uintx NonProfiledCodeHeapSize                  = 122909434                              {pd product} {ergonomic}
   size_t OldSize                                  = 70254592                                  {product} {ergonomic}
    uintx ProfiledCodeHeapSize                     = 122909434                              {pd product} {ergonomic}
    uintx ReservedCodeCacheSize                    = 251658240                              {pd product} {ergonomic}
     bool SegmentedCodeCache                       = true                                      {product} {ergonomic}
   size_t SoftMaxHeapSize                          = 2147483648                             {manageable} {ergonomic}
     bool UseCompressedOops                        = true                           {product lp64_product} {ergonomic}
     bool UseLargePagesIndividualAllocation        = false                                  {pd product} {ergonomic}
     bool UseParallelGC                            = true                                      {product} {command line}

Logging:
Log output configuration:
 #0: stdout all=off uptime,level,tags foldmultilines=false
 #1: stderr all=off uptime,level,tags foldmultilines=false

Release file:
JAVA_VERSION="21.0.12.1" 
MODULES="java.base java.compiler java.datatransfer java.xml java.prefs java.desktop java.instrument java.logging java.management java.security.sasl java.naming java.rmi java.management.rmi java.net.http java.scripting java.security.jgss java.transaction.xa java.sql java.sql.rowset java.xml.crypto java.se java.smartcardio jdk.accessibility jdk.internal.jvmstat jdk.attach jdk.charsets jdk.internal.opt jdk.zipfs jdk.compiler jdk.crypto.ec jdk.crypto.cryptoki jdk.crypto.mscapi jdk.dynalink jdk.internal.ed jdk.editpad jdk.hotspot.agent jdk.httpserver jdk.internal.le jdk.internal.vm.ci jdk.internal.vm.compiler jdk.internal.vm.compiler.management jdk.jartool jdk.javadoc jdk.jcmd jdk.management jdk.management.agent jdk.jconsole jdk.jdeps jdk.jdwp.agent jdk.jdi jdk.jfr jdk.jshell jdk.jsobject jdk.jstatd jdk.localedata jdk.management.jfr jdk.naming.dns jdk.naming.rmi jdk.net jdk.nio.mapmode jdk.random jdk.sctp jdk.security.auth jdk.security.jgss jdk.unsupported jdk.unsupported.desktop jdk.xml.dom" 

Environment Variables:
JAVA_HOME=C:\Program Files\Java\jdk-21\
PATH=C:\Python312\Scripts\;C:\Python312\;C:\windows\system32;C:\windows;C:\windows\System32\Wbem;C:\windows\System32\WindowsPowerShell\v1.0\;C:\windows\System32\OpenSSH\;C:\Program Files (x86)\NVIDIA Corporation\PhysX\Common;C:\Program Files\NVIDIA Corporation\NVIDIA NvDLISR;C:\WINDOWS\system32;C:\WINDOWS;C:\WINDOWS\System32\Wbem;C:\WINDOWS\System32\WindowsPowerShell\v1.0\;C:\WINDOWS\System32\OpenSSH\;C:\MinGW\bin;C:\Program Files\Microsoft SQL Server\120\Tools\Binn\;C:\Program Files\Common Files\Autodesk Shared\;C:\Program Files\dotnet\;C:\ProgramData\chocolatey\bin;C:\Program Files\apache-maven-3.9.12\bin;C:\Program Files\Git\cmd;C:\Program Files\Java\jdk-21\bin;C:\Program Files\OpenSSL-Win64\bin;C:\Program Files\nodejs\;C:\Users\omkar pati\AppData\Local\Microsoft\WindowsApps;C:\Users\omkar pati\AppData\Local\Programs\Microsoft VS Code\bin;C:\Users\omkar pati\AppData\Local\JetBrains\Toolbox\scripts;C:\Program Files\Java\jdk-21\bin;C:\Users\omkar pati\.bun\bin;C:\Users\omkar pati\.bun\bin;C:\Users\omkar pati\AppData\Local\Programs\Antigravity\bin;C:\Users\omkar pati\AppData\Roaming\npm;C:\Users\omkar pati\AppData\Local\Programs\Antigravity IDE\bin
USERNAME=omkar pati
OS=Windows_NT
PROCESSOR_IDENTIFIER=AMD64 Family 23 Model 24 Stepping 1, AuthenticAMD
TMP=C:\Users\OMKARP~1\AppData\Local\Temp
TEMP=C:\Users\OMKARP~1\AppData\Local\Temp




Periodic native trim disabled

---------------  S Y S T E M  ---------------

OS:
 Windows 11 , 64 bit Build 26100 (10.0.26100.9444)
OS uptime: 6 days 0:28 hours

CPU: total 8 (initial active 8) (8 cores per cpu, 2 threads per core) family 23 model 24 stepping 1 microcode 0x8108109, cx8, cmov, fxsr, ht, mmx, 3dnowpref, sse, sse2, sse3, ssse3, sse4a, sse4.1, sse4.2, popcnt, lzcnt, tsc, tscinvbit, avx, avx2, aes, clmul, bmi1, bmi2, adx, sha, fma, vzeroupper, clflush, clflushopt, rdtscp, f16c
Processor Information for the first 8 processors :
  Max Mhz: 2100, Current Mhz: 2100, Mhz Limit: 2100

Memory: 4k page, system-wide physical 6021M (93M free)
TotalPageFile size 18279M (AvailPageFile size 0M)
current process WorkingSet (physical memory assigned to process): 98M, peak: 98M
current process commit charge ("private bytes"): 242M, peak: 242M

vm_info: OpenJDK 64-Bit Server VM (21.0.12.1+1-LTS) for windows-amd64 JRE (21.0.12.1+1-LTS), built on 2026-08-18T00:00:00Z by "admin" with MS VC++ 17.12 (VS2022)

END.
